[Right ["621420"],Right ["451175"],Right ["884220"],Right ["760248"],Right ["310300"]]